AR tabs clean
AR flight clean
AR stays clean
AR dining clean
AR grocery clean
AR shopping clean
AR gift clean
AR subs clean
AR airport clean
AR rides clean
AR bank clean
AR points clean
AR docs clean
AR concierge clean
AR problems clean
card balance after all 5643
AR manage clean
MY tabs clean
MY flight clean
MY stays clean
MY dining clean
MY grocery clean
MY shopping clean
MY gift clean
MY subs clean
MY airport clean
MY rides clean
MY bank clean
MY points clean
MY docs clean
MY concierge clean
MY problems clean
card balance after all 5665
MY manage clean
IN tabs clean
IN flight clean
IN stays clean
IN dining clean
IN grocery clean
IN shopping clean
IN gift clean
IN subs clean
IN airport clean
IN rides clean
IN bank clean
IN points clean
IN docs clean
IN concierge clean
IN problems clean
card balance after all 99770
IN manage clean
EU tabs clean
EU flight clean
EU bank clean
AE tabs clean
AE flight clean
AE bank clean
SG tabs clean
SG flight clean
SG bank clean
UK tabs clean
UK flight clean
UK grocery clean
UK bank clean
